# Adding 2 32-bit values
#   [end + 04 : end + 08] =  3616034342  -> [ 38,  78, 136, 215]
# + [end + 08 : end + 12] =   265397901  -> [141, 166, 209,  15]
# ------------------------  ------------   ----------------------
#   [end + 12 : end + 16] =  3881432243  -> [179, 244,  89, 231]

# =================================== CODE ===================================

init:
    ldi first_number
    sta main_op + 1

    ldi second_number
    sta main_op + 3

    ldi result
    sta main_op + 5

main_op:
    lda __read_addr_arg0__       # It's going to be replaced in the future
    add __read_addr_arg1__
    sta __write_addr_res__       # It's going to be replaced in the future
    
    jc carry_op

mod_write_addr:
    # Increment pointer to arg0 by 1
    lda main_op + 1
    aei 1
    sta main_op + 1

    # Increment pointer to arg1 by 1
    lda main_op + 3
    aei 1
    sta main_op + 3

    # Increment pointer to result by 1
    lda main_op + 5
    aei 1
    sta main_op + 5

    jmp main_op

end_of_code:
    hlt

# =================================== DATA ===================================

padding:
0
0
0
0

first_number:
38
78
136
215

second_number:
141
166
209
15

result:
1
2
3
4